2026-09-16 11:12:42,239 INFO o.a.j.u.JMeterUtils: Setting Locale to en_EN
2026-09-16 11:12:42,256 INFO o.a.j.JMeter: Loading user properties from: /usr/local/Cellar/jmeter/5.6.3/libexec/bin/user.properties
2026-09-16 11:12:42,256 INFO o.a.j.JMeter: Loading system properties from: /usr/local/Cellar/jmeter/5.6.3/libexec/bin/system.properties
2026-09-16 11:12:42,261 INFO o.a.j.JMeter: Copyright (c) 1998-2024 The Apache Software Foundation
2026-09-16 11:12:42,261 INFO o.a.j.JMeter: Version 5.6.3
2026-09-16 11:12:42,261 INFO o.a.j.JMeter: java.version=21.0.12
2026-09-16 11:12:42,261 INFO o.a.j.JMeter: java.vm.name=OpenJDK 64-Bit Server VM
2026-09-16 11:12:42,261 INFO o.a.j.JMeter: os.name=Mac OS X
2026-09-16 11:12:42,261 INFO o.a.j.JMeter: os.arch=x86_64
2026-09-16 11:12:42,261 INFO o.a.j.JMeter: os.version=26.3
2026-09-16 11:12:42,261 INFO o.a.j.JMeter: file.encoding=UTF-8
2026-09-16 11:12:42,261 INFO o.a.j.JMeter: java.awt.headless=true
2026-09-16 11:12:42,261 INFO o.a.j.JMeter: Max memory     =1073741824
2026-09-16 11:12:42,262 INFO o.a.j.JMeter: Available Processors =16
2026-09-16 11:12:42,269 INFO o.a.j.JMeter: Default Locale=English (EN)
2026-09-16 11:12:42,269 INFO o.a.j.JMeter: JMeter  Locale=English (EN)
2026-09-16 11:12:42,269 INFO o.a.j.JMeter: JMeterHome=/usr/local/Cellar/jmeter/5.6.3/libexec
2026-09-16 11:12:42,269 INFO o.a.j.JMeter: user.dir  =/Users/sushank2/Documents/Testing/CBIT-Edge_Testing/JMeterPracticeExamples
2026-09-16 11:12:42,269 INFO o.a.j.JMeter: PWD       =/Users/sushank2/Documents/Testing/CBIT-Edge_Testing/JMeterPracticeExamples
2026-09-16 11:12:42,271 INFO o.a.j.JMeter: IP: 127.0.0.1 Name: Sushanks-MacBook-Pro.local FullName: localhost
2026-09-16 11:12:42,281 INFO o.a.j.JMeter: Setting property 'jmeter.reportgenerator.outputdir' to:'/Users/sushank2/Documents/Testing/CBIT-Edge_Testing/JMeterPracticeExamples/HTMLReports2'
2026-09-16 11:12:42,284 INFO o.a.j.r.d.ReportGenerator: ReportGenerator will use for Parsing the separator: ','
2026-09-16 11:12:42,284 INFO o.a.j.r.d.ReportGenerator: Will only generate report from results file: /Users/sushank2/Documents/Testing/CBIT-Edge_Testing/JMeterPracticeExamples/NonGUI/CSVFiles/JMeterCaseStudy.jtl
2026-09-16 11:12:42,284 INFO o.a.j.r.d.ReportGenerator: Reading report generator properties from: /usr/local/Cellar/jmeter/5.6.3/libexec/bin/reportgenerator.properties
2026-09-16 11:12:42,285 INFO o.a.j.r.d.ReportGenerator: Merging with JMeter properties
2026-09-16 11:12:42,288 INFO o.a.j.r.c.ReportGeneratorConfiguration: Property 'jmeter.reportgenerator.temp_dir' not found, using default value 'temp' instead.
2026-09-16 11:12:42,291 INFO o.a.j.r.c.ReportGeneratorConfiguration: Property 'jmeter.reportgenerator.apdex_per_transaction' not found, using default value 'null' instead.
2026-09-16 11:12:42,297 INFO o.a.j.r.c.ReportGeneratorConfiguration: apdex_per_transaction is empty, not APDEX per transaction customization
2026-09-16 11:12:42,297 INFO o.a.j.r.c.ReportGeneratorConfiguration: Property 'jmeter.reportgenerator.sample_filter' not found, using default value 'null' instead.
2026-09-16 11:12:42,297 INFO o.a.j.r.c.ReportGeneratorConfiguration: Property 'jmeter.reportgenerator.report_title' not found, using default value 'null' instead.
2026-09-16 11:12:42,297 INFO o.a.j.r.c.ReportGeneratorConfiguration: Property 'jmeter.reportgenerator.start_date' not found, using default value 'null' instead.
2026-09-16 11:12:42,297 INFO o.a.j.r.c.ReportGeneratorConfiguration: Property 'jmeter.reportgenerator.end_date' not found, using default value 'null' instead.
2026-09-16 11:12:42,297 INFO o.a.j.r.c.ReportGeneratorConfiguration: Property 'jmeter.reportgenerator.date_format' not found, using default value 'null' instead.
2026-09-16 11:12:42,298 INFO o.a.j.r.c.ReportGeneratorConfiguration: Will use date range start date: null, end date: null
2026-09-16 11:12:42,301 INFO o.a.j.r.c.ReportGeneratorConfiguration: Property 'jmeter.reportgenerator.graph.totalTPS.exclude_controllers' not found, using default value 'false' instead.
2026-09-16 11:12:42,301 INFO o.a.j.r.c.ReportGeneratorConfiguration: Property 'jmeter.reportgenerator.graph.activeThreadsOverTime.exclude_controllers' not found, using default value 'false' instead.
2026-09-16 11:12:42,301 INFO o.a.j.r.c.ReportGeneratorConfiguration: Property 'jmeter.reportgenerator.graph.timeVsThreads.exclude_controllers' not found, using default value 'false' instead.
2026-09-16 11:12:42,301 INFO o.a.j.r.c.ReportGeneratorConfiguration: Property 'jmeter.reportgenerator.graph.responseTimeDistribution.exclude_controllers' not found, using default value 'false' instead.
2026-09-16 11:12:42,301 INFO o.a.j.r.c.ReportGeneratorConfiguration: Property 'jmeter.reportgenerator.graph.transactionsPerSecond.exclude_controllers' not found, using default value 'false' instead.
2026-09-16 11:12:42,302 INFO o.a.j.r.c.ReportGeneratorConfiguration: Property 'jmeter.reportgenerator.graph.responseTimePercentiles.exclude_controllers' not found, using default value 'false' instead.
2026-09-16 11:12:42,302 INFO o.a.j.r.c.ReportGeneratorConfiguration: Property 'jmeter.reportgenerator.graph.responseTimePercentilesOverTime.exclude_controllers' not found, using default value 'false' instead.
2026-09-16 11:12:42,302 INFO o.a.j.r.c.ReportGeneratorConfiguration: Property 'jmeter.reportgenerator.graph.responseTimesOverTime.exclude_controllers' not found, using default value 'false' instead.
2026-09-16 11:12:42,302 INFO o.a.j.r.c.ReportGeneratorConfiguration: Property 'jmeter.reportgenerator.graph.connectTimeOverTime.exclude_controllers' not found, using default value 'false' instead.
2026-09-16 11:12:42,302 INFO o.a.j.r.c.ReportGeneratorConfiguration: Property 'jmeter.reportgenerator.graph.latenciesOverTime.exclude_controllers' not found, using default value 'false' instead.
2026-09-16 11:12:42,303 INFO o.a.j.r.c.ReportGeneratorConfiguration: Property 'jmeter.reportgenerator.exporter.json.filters_only_sample_series' not found, using default value 'true' instead.
2026-09-16 11:12:42,303 INFO o.a.j.r.c.ReportGeneratorConfiguration: Property 'jmeter.reportgenerator.exporter.json.series_filter' not found, using default value '' instead.
2026-09-16 11:12:42,303 INFO o.a.j.r.c.ReportGeneratorConfiguration: Property 'jmeter.reportgenerator.exporter.json.show_controllers_only' not found, using default value 'false' instead.
2026-09-16 11:12:42,303 INFO o.a.j.r.c.ReportGeneratorConfiguration: Property 'jmeter.reportgenerator.exporter.html.filters_only_sample_series' not found, using default value 'true' instead.
2026-09-16 11:12:42,303 INFO o.a.j.r.c.ReportGeneratorConfiguration: Property 'jmeter.reportgenerator.exporter.html.series_filter' not found, using default value '' instead.
2026-09-16 11:12:42,304 INFO o.a.j.r.c.ReportGeneratorConfiguration: Property 'jmeter.reportgenerator.exporter.html.show_controllers_only' not found, using default value 'false' instead.
2026-09-16 11:12:42,451 INFO o.a.j.s.SaveService: Testplan (JMX) version: 2.2. Testlog (JTL) version: 2.2
2026-09-16 11:12:42,473 INFO o.a.j.s.SaveService: Using SaveService properties version 5.0
2026-09-16 11:12:42,475 INFO o.a.j.s.SaveService: Using SaveService properties file encoding UTF-8
2026-09-16 11:12:42,492 INFO o.a.j.r.p.NormalizerSampleConsumer: Using format, 'ms', to parse timeStamp field
2026-09-16 11:12:42,622 INFO o.a.j.r.p.AbstractSampleConsumer: class org.apache.jmeter.report.processor.AggregateConsumer#stopProducing(): beginDate produced 0 samples
2026-09-16 11:12:42,622 INFO o.a.j.r.p.AbstractSampleConsumer: class org.apache.jmeter.report.processor.AggregateConsumer#stopProducing(): endDate produced 0 samples
2026-09-16 11:12:42,624 INFO o.a.j.r.p.AbstractSampleConsumer: class org.apache.jmeter.report.processor.ApdexSummaryConsumer#stopProducing(): apdexSummary produced 0 samples
2026-09-16 11:12:42,625 INFO o.a.j.r.p.AbstractSampleConsumer: class org.apache.jmeter.report.processor.RequestsSummaryConsumer#stopProducing(): requestsSummary produced 0 samples
2026-09-16 11:12:42,630 INFO o.a.j.r.p.AbstractSampleConsumer: class org.apache.jmeter.report.processor.StatisticsSummaryConsumer#stopProducing(): statisticsSummary produced 0 samples
2026-09-16 11:12:42,632 INFO o.a.j.r.p.AbstractSampleConsumer: class org.apache.jmeter.report.processor.Top5ErrorsBySamplerConsumer#stopProducing(): top5ErrorsBySampler produced 0 samples
2026-09-16 11:12:42,632 INFO o.a.j.r.p.AbstractSampleConsumer: class org.apache.jmeter.report.processor.ErrorsSummaryConsumer#stopProducing(): errorsSummary produced 0 samples
2026-09-16 11:12:42,632 INFO o.a.j.r.p.AbstractSampleConsumer: class org.apache.jmeter.report.processor.graph.impl.HitsPerSecondGraphConsumer#stopProducing(): hitsPerSecond produced 0 samples
2026-09-16 11:12:42,676 INFO o.a.j.r.p.AbstractSampleConsumer: class org.apache.jmeter.report.processor.graph.impl.LatencyVSRequestGraphConsumer#stopProducing(): latencyVsRequest produced 0 samples
2026-09-16 11:12:42,677 INFO o.a.j.r.p.AbstractSampleConsumer: class org.apache.jmeter.report.processor.graph.impl.SyntheticResponseTimeDistributionGraphConsumer#stopProducing(): syntheticResponseTimeDistribution produced 0 samples
2026-09-16 11:12:42,677 INFO o.a.j.r.p.AbstractSampleConsumer: class org.apache.jmeter.report.processor.graph.impl.BytesThroughputGraphConsumer#stopProducing(): bytesThroughputOverTime produced 0 samples
2026-09-16 11:12:42,677 INFO o.a.j.r.p.AbstractSampleConsumer: class org.apache.jmeter.report.processor.graph.impl.CodesPerSecondGraphConsumer#stopProducing(): codesPerSecond produced 0 samples
2026-09-16 11:12:42,694 INFO o.a.j.r.p.AbstractSampleConsumer: class org.apache.jmeter.report.processor.graph.impl.ResponseTimeVSRequestGraphConsumer#stopProducing(): responseTimeVsRequest produced 0 samples
2026-09-16 11:12:42,695 INFO o.a.j.r.p.AbstractSampleConsumer: class org.apache.jmeter.report.processor.FilterConsumer#stopProducing(): startIntervalControlerFilter produced 11781 samples
2026-09-16 11:12:42,695 INFO o.a.j.r.p.AbstractSampleConsumer: class org.apache.jmeter.report.processor.graph.impl.TotalTPSGraphConsumer#stopProducing(): totalTPS produced 0 samples
2026-09-16 11:12:42,695 INFO o.a.j.r.p.AbstractSampleConsumer: class org.apache.jmeter.report.processor.graph.impl.ActiveThreadsGraphConsumer#stopProducing(): activeThreadsOverTime produced 0 samples
2026-09-16 11:12:42,695 INFO o.a.j.r.p.AbstractSampleConsumer: class org.apache.jmeter.report.processor.graph.impl.TimeVSThreadGraphConsumer#stopProducing(): timeVsThreads produced 0 samples
2026-09-16 11:12:42,698 INFO o.a.j.r.p.AbstractSampleConsumer: class org.apache.jmeter.report.processor.graph.impl.ResponseTimeDistributionGraphConsumer#stopProducing(): responseTimeDistribution produced 0 samples
2026-09-16 11:12:42,698 INFO o.a.j.r.p.AbstractSampleConsumer: class org.apache.jmeter.report.processor.graph.impl.TransactionsPerSecondGraphConsumer#stopProducing(): transactionsPerSecond produced 0 samples
2026-09-16 11:12:42,699 INFO o.a.j.r.p.AbstractSampleConsumer: class org.apache.jmeter.report.processor.graph.impl.ResponseTimePercentilesGraphConsumer#stopProducing(): responseTimePercentiles produced 0 samples
2026-09-16 11:12:42,705 INFO o.a.j.r.p.AbstractSampleConsumer: class org.apache.jmeter.report.processor.graph.impl.ResponseTimePercentilesOverTimeGraphConsumer#stopProducing(): responseTimePercentilesOverTime produced 0 samples
2026-09-16 11:12:42,706 INFO o.a.j.r.p.AbstractSampleConsumer: class org.apache.jmeter.report.processor.graph.impl.ResponseTimeOverTimeGraphConsumer#stopProducing(): responseTimesOverTime produced 0 samples
2026-09-16 11:12:42,706 INFO o.a.j.r.p.AbstractSampleConsumer: class org.apache.jmeter.report.processor.graph.impl.ConnectTimeOverTimeGraphConsumer#stopProducing(): connectTimeOverTime produced 0 samples
2026-09-16 11:12:42,706 INFO o.a.j.r.p.AbstractSampleConsumer: class org.apache.jmeter.report.processor.graph.impl.LatencyOverTimeGraphConsumer#stopProducing(): latenciesOverTime produced 0 samples
2026-09-16 11:12:42,706 INFO o.a.j.r.p.AbstractSampleConsumer: class org.apache.jmeter.report.processor.FilterConsumer#stopProducing(): nameFilter produced 25245 samples
2026-09-16 11:12:42,706 INFO o.a.j.r.p.AbstractSampleConsumer: class org.apache.jmeter.report.processor.FilterConsumer#stopProducing(): dateRangeFilter produced 5049 samples
2026-09-16 11:12:42,706 INFO o.a.j.r.p.AbstractSampleConsumer: class org.apache.jmeter.report.processor.NormalizerSampleConsumer#stopProducing(): normalizer produced 1683 samples
2026-09-16 11:12:42,707 INFO o.a.j.r.p.CsvFileSampleSource: produce(): 1683 samples produced in 199ms on channel 0
2026-09-16 11:12:42,707 INFO o.a.j.r.d.ReportGenerator: Exporting data using exporter:'json' of className:'org.apache.jmeter.report.dashboard.JsonExporter'
2026-09-16 11:12:42,757 INFO o.a.j.r.d.JsonExporter: Found data for consumer statisticsSummary in context
2026-09-16 11:12:42,757 INFO o.a.j.r.d.JsonExporter: Creating statistics for overall
2026-09-16 11:12:42,758 INFO o.a.j.r.d.JsonExporter: Creating statistics for other transactions
2026-09-16 11:12:42,759 INFO o.a.j.r.d.JsonExporter: Checking output folder
2026-09-16 11:12:42,759 INFO o.a.j.r.d.JsonExporter: Writing statistics JSON to /Users/sushank2/Documents/Testing/CBIT-Edge_Testing/JMeterPracticeExamples/HTMLReports2/statistics.json
2026-09-16 11:12:42,800 INFO o.a.j.r.d.ReportGenerator: Exporting data using exporter:'html' of className:'org.apache.jmeter.report.dashboard.HtmlTemplateExporter'
2026-09-16 11:12:42,804 INFO o.a.j.r.d.HtmlTemplateExporter: Will generate dashboard in folder: /Users/sushank2/Documents/Testing/CBIT-Edge_Testing/JMeterPracticeExamples/HTMLReports2
2026-09-16 11:12:42,958 INFO o.a.j.r.d.HtmlTemplateExporter: Report will be generated in: /Users/sushank2/Documents/Testing/CBIT-Edge_Testing/JMeterPracticeExamples/HTMLReports2, creating folder structure
2026-09-16 11:12:42,960 INFO o.a.j.r.d.TemplateVisitor: Copying folder from '/usr/local/Cellar/jmeter/5.6.3/libexec/bin/report-template' to '/Users/sushank2/Documents/Testing/CBIT-Edge_Testing/JMeterPracticeExamples/HTMLReports2', got message: /Users/sushank2/Documents/Testing/CBIT-Edge_Testing/JMeterPracticeExamples/HTMLReports2, found non empty folder with following content [/Users/sushank2/Documents/Testing/CBIT-Edge_Testing/JMeterPracticeExamples/HTMLReports2/statistics.json], will be ignored
